#-----------------------------------------------------------
# Vivado v2020.2 (64-bit)
# SW Build 3064766 on Wed Nov 18 09:12:45 MST 2020
# IP Build 3064653 on Wed Nov 18 14:17:31 MST 2020
# Start of session at: Tue Sep 12 12:00:35 2023
# Process ID: 19948
# Current directory: E:/FPGA/Project/handwritten_digit_recognition/handwritten-digits-recognition-hls-main-bilibili/sparkroad_project-master/Snake_ZYNQ7000_My/prj/gluttonous_snake.runs/impl_1
# Command line: vivado.exe -log lcd_rgb_char.vdi -applog -product Vivado -messageDb vivado.pb -mode batch -source lcd_rgb_char.tcl -notrace
# Log file: E:/FPGA/Project/handwritten_digit_recognition/handwritten-digits-recognition-hls-main-bilibili/sparkroad_project-master/Snake_ZYNQ7000_My/prj/gluttonous_snake.runs/impl_1/lcd_rgb_char.vdi
# Journal file: E:/FPGA/Project/handwritten_digit_recognition/handwritten-digits-recognition-hls-main-bilibili/sparkroad_project-master/Snake_ZYNQ7000_My/prj/gluttonous_snake.runs/impl_1\vivado.jou
#-----------------------------------------------------------
source lcd_rgb_char.tcl -notrace
